Release 14.7 - xst P.20131013 (nt64)
Copyright (c) 1995-2013 Xilinx, Inc.  All rights reserved.
--> Parameter TMPDIR set to xst/projnav.tmp


Total REAL time to Xst completion: 0.00 secs
Total CPU time to Xst completion: 0.09 secs
 
--> Parameter xsthdpdir set to xst


Total REAL time to Xst completion: 0.00 secs
Total CPU time to Xst completion: 0.09 secs
 
--> Reading design: final_code.prj

TABLE OF CONTENTS
  1) Synthesis Options Summary
  2) HDL Compilation
  3) Design Hierarchy Analysis
  4) HDL Analysis
  5) HDL Synthesis
     5.1) HDL Synthesis Report
  6) Advanced HDL Synthesis
     6.1) Advanced HDL Synthesis Report
  7) Low Level Synthesis
  8) Partition Report
  9) Final Report
	9.1) Device utilization summary
	9.2) Partition Resource Summary
	9.3) TIMING REPORT


=========================================================================
*                      Synthesis Options Summary                        *
=========================================================================
---- Source Parameters
Input File Name                    : "final_code.prj"
Input Format                       : mixed
Ignore Synthesis Constraint File   : NO

---- Target Parameters
Output File Name                   : "final_code"
Output Format                      : NGC
Target Device                      : xc3s50a-5-vq100

---- Source Options
Top Module Name                    : final_code
Automatic FSM Extraction           : YES
FSM Encoding Algorithm             : Auto
Safe Implementation                : No
FSM Style                          : LUT
RAM Extraction                     : Yes
RAM Style                          : Auto
ROM Extraction                     : Yes
Mux Style                          : Auto
Decoder Extraction                 : YES
Priority Encoder Extraction        : Yes
Shift Register Extraction          : YES
Logical Shifter Extraction         : YES
XOR Collapsing                     : YES
ROM Style                          : Auto
Mux Extraction                     : Yes
Resource Sharing                   : YES
Asynchronous To Synchronous        : NO
Multiplier Style                   : Auto
Automatic Register Balancing       : No

---- Target Options
Add IO Buffers                     : YES
Global Maximum Fanout              : 500
Add Generic Clock Buffer(BUFG)     : 24
Register Duplication               : YES
Slice Packing                      : YES
Optimize Instantiated Primitives   : NO
Use Clock Enable                   : Yes
Use Synchronous Set                : Yes
Use Synchronous Reset              : Yes
Pack IO Registers into IOBs        : Auto
Equivalent register Removal        : YES

---- General Options
Optimization Goal                  : Speed
Optimization Effort                : 1
Keep Hierarchy                     : No
Netlist Hierarchy                  : As_Optimized
RTL Output                         : Yes
Global Optimization                : AllClockNets
Read Cores                         : YES
Write Timing Constraints           : NO
Cross Clock Analysis               : NO
Hierarchy Separator                : /
Bus Delimiter                      : <>
Case Specifier                     : Maintain
Slice Utilization Ratio            : 100
BRAM Utilization Ratio             : 100
Verilog 2001                       : YES
Auto BRAM Packing                  : NO
Slice Utilization Ratio Delta      : 5

=========================================================================


=========================================================================
*                          HDL Compilation                              *
=========================================================================
Compiling vhdl file "C:/Users/demet/final_project/final_code.vhd" in Library work.
Entity <final_code> compiled.
Entity <final_code> (Architecture <Behavioral>) compiled.

=========================================================================
*                     Design Hierarchy Analysis                         *
=========================================================================
Analyzing hierarchy for entity <final_code> in library <work> (architecture <Behavioral>).


=========================================================================
*                            HDL Analysis                               *
=========================================================================
Analyzing Entity <final_code> in library <work> (Architecture <Behavioral>).
Entity <final_code> analyzed. Unit <final_code> generated.


=========================================================================
*                           HDL Synthesis                               *
=========================================================================

Performing bidirectional port resolution...

Synthesizing Unit <final_code>.
    Related source file is "C:/Users/demet/final_project/final_code.vhd".
WARNING:Xst:646 - Signal <result_temp> is assigned but never used. This unconnected signal will be trimmed during the optimization process.
WARNING:Xst:646 - Signal <range_temp> is assigned but never used. This unconnected signal will be trimmed during the optimization process.
WARNING:Xst:646 - Signal <range_int> is assigned but never used. This unconnected signal will be trimmed during the optimization process.
WARNING:Xst:646 - Signal <min_temp> is assigned but never used. This unconnected signal will be trimmed during the optimization process.
WARNING:Xst:646 - Signal <min_int> is assigned but never used. This unconnected signal will be trimmed during the optimization process.
WARNING:Xst:646 - Signal <med_temp> is assigned but never used. This unconnected signal will be trimmed during the optimization process.
WARNING:Xst:646 - Signal <med_int> is assigned but never used. This unconnected signal will be trimmed during the optimization process.
WARNING:Xst:646 - Signal <max_temp> is assigned but never used. This unconnected signal will be trimmed during the optimization process.
WARNING:Xst:646 - Signal <max_int> is assigned but never used. This unconnected signal will be trimmed during the optimization process.
WARNING:Xst:646 - Signal <in3_int> is assigned but never used. This unconnected signal will be trimmed during the optimization process.
WARNING:Xst:646 - Signal <in2_int> is assigned but never used. This unconnected signal will be trimmed during the optimization process.
WARNING:Xst:646 - Signal <in1_int> is assigned but never used. This unconnected signal will be trimmed during the optimization process.
WARNING:Xst:653 - Signal <count> is used but never assigned. This sourceless signal will be automatically connected to value 00000000000000000000000000000011.
    Using one-hot encoding for signal <average>.
    Found 2-bit register for signal <average>.
    Found 32-bit comparator greater for signal <average$cmp_gt0000> created at line 70.
    Found 32-bit register for signal <max_temp$mux0000>.
    Found 32-bit register for signal <med_temp$mux0000>.
    Found 4-bit comparator greater for signal <min_int$cmp_gt0000> created at line 95.
    Found 4-bit comparator greater for signal <min_int$cmp_gt0001> created at line 102.
    Found 4-bit comparator greater for signal <min_int$cmp_gt0002> created at line 107.
    Found 32-bit register for signal <min_temp$mux0000>.
    Found 32-bit up counter for signal <q>.
    Found 32-bit register for signal <range_temp$mux0000>.
    Found 5-bit subtractor for signal <range_temp$sub0000> created at line 117.
    Found 32-bit register for signal <result_int>.
    Found 32-bit subtractor for signal <result_int$addsub0001>.
    Found 5-bit adder carry out for signal <result_int$addsub0002> created at line 65.
    Found 4-bit adder carry out for signal <result_int$addsub0003> created at line 65.
    Found 32-bit comparator lessequal for signal <result_int$cmp_le0000> created at line 70.
    Found 32-bit register for signal <result_temp$mux0000>.
    Summary:
	inferred   1 Counter(s).
	inferred 194 D-type flip-flop(s).
	inferred   4 Adder/Subtractor(s).
	inferred   5 Comparator(s).
Unit <final_code> synthesized.

INFO:Xst:1767 - HDL ADVISOR - Resource sharing has identified that some arithmetic operations in this design can share the same physical resources for reduced device utilization. For improved clock frequency you may try to disable resource sharing.

=========================================================================
HDL Synthesis Report

Macro Statistics
# Adders/Subtractors                                   : 4
 32-bit subtractor                                     : 1
 4-bit adder carry out                                 : 1
 5-bit adder carry out                                 : 1
 5-bit subtractor                                      : 1
# Counters                                             : 1
 32-bit up counter                                     : 1
# Registers                                            : 7
 2-bit register                                        : 1
 32-bit register                                       : 6
# Comparators                                          : 5
 32-bit comparator greater                             : 1
 32-bit comparator lessequal                           : 1
 4-bit comparator greater                              : 3

=========================================================================

=========================================================================
*                       Advanced HDL Synthesis                          *
=========================================================================

WARNING:Xst:2677 - Node <min_temp_mux0000_4> of sequential type is unconnected in block <final_code>.
WARNING:Xst:2677 - Node <min_temp_mux0000_5> of sequential type is unconnected in block <final_code>.
WARNING:Xst:2677 - Node <min_temp_mux0000_6> of sequential type is unconnected in block <final_code>.
WARNING:Xst:2677 - Node <min_temp_mux0000_7> of sequential type is unconnected in block <final_code>.
WARNING:Xst:2677 - Node <min_temp_mux0000_8> of sequential type is unconnected in block <final_code>.
WARNING:Xst:2677 - Node <min_temp_mux0000_9> of sequential type is unconnected in block <final_code>.
WARNING:Xst:2677 - Node <min_temp_mux0000_10> of sequential type is unconnected in block <final_code>.
WARNING:Xst:2677 - Node <min_temp_mux0000_11> of sequential type is unconnected in block <final_code>.
WARNING:Xst:2677 - Node <min_temp_mux0000_12> of sequential type is unconnected in block <final_code>.
WARNING:Xst:2677 - Node <min_temp_mux0000_13> of sequential type is unconnected in block <final_code>.
WARNING:Xst:2677 - Node <min_temp_mux0000_14> of sequential type is unconnected in block <final_code>.
WARNING:Xst:2677 - Node <min_temp_mux0000_15> of sequential type is unconnected in block <final_code>.
WARNING:Xst:2677 - Node <min_temp_mux0000_16> of sequential type is unconnected in block <final_code>.
WARNING:Xst:2677 - Node <min_temp_mux0000_17> of sequential type is unconnected in block <final_code>.
WARNING:Xst:2677 - Node <min_temp_mux0000_18> of sequential type is unconnected in block <final_code>.
WARNING:Xst:2677 - Node <min_temp_mux0000_19> of sequential type is unconnected in block <final_code>.
WARNING:Xst:2677 - Node <min_temp_mux0000_20> of sequential type is unconnected in block <final_code>.
WARNING:Xst:2677 - Node <min_temp_mux0000_21> of sequential type is unconnected in block <final_code>.
WARNING:Xst:2677 - Node <min_temp_mux0000_22> of sequential type is unconnected in block <final_code>.
WARNING:Xst:2677 - Node <min_temp_mux0000_23> of sequential type is unconnected in block <final_code>.
WARNING:Xst:2677 - Node <min_temp_mux0000_24> of sequential type is unconnected in block <final_code>.
WARNING:Xst:2677 - Node <min_temp_mux0000_25> of sequential type is unconnected in block <final_code>.
WARNING:Xst:2677 - Node <min_temp_mux0000_26> of sequential type is unconnected in block <final_code>.
WARNING:Xst:2677 - Node <min_temp_mux0000_27> of sequential type is unconnected in block <final_code>.
WARNING:Xst:2677 - Node <min_temp_mux0000_28> of sequential type is unconnected in block <final_code>.
WARNING:Xst:2677 - Node <min_temp_mux0000_29> of sequential type is unconnected in block <final_code>.
WARNING:Xst:2677 - Node <min_temp_mux0000_30> of sequential type is unconnected in block <final_code>.
WARNING:Xst:2677 - Node <min_temp_mux0000_31> of sequential type is unconnected in block <final_code>.
WARNING:Xst:2677 - Node <med_temp_mux0000_4> of sequential type is unconnected in block <final_code>.
WARNING:Xst:2677 - Node <med_temp_mux0000_5> of sequential type is unconnected in block <final_code>.
WARNING:Xst:2677 - Node <med_temp_mux0000_6> of sequential type is unconnected in block <final_code>.
WARNING:Xst:2677 - Node <med_temp_mux0000_7> of sequential type is unconnected in block <final_code>.
WARNING:Xst:2677 - Node <med_temp_mux0000_8> of sequential type is unconnected in block <final_code>.
WARNING:Xst:2677 - Node <med_temp_mux0000_9> of sequential type is unconnected in block <final_code>.
WARNING:Xst:2677 - Node <med_temp_mux0000_10> of sequential type is unconnected in block <final_code>.
WARNING:Xst:2677 - Node <med_temp_mux0000_11> of sequential type is unconnected in block <final_code>.
WARNING:Xst:2677 - Node <med_temp_mux0000_12> of sequential type is unconnected in block <final_code>.
WARNING:Xst:2677 - Node <med_temp_mux0000_13> of sequential type is unconnected in block <final_code>.
WARNING:Xst:2677 - Node <med_temp_mux0000_14> of sequential type is unconnected in block <final_code>.
WARNING:Xst:2677 - Node <med_temp_mux0000_15> of sequential type is unconnected in block <final_code>.
WARNING:Xst:2677 - Node <med_temp_mux0000_16> of sequential type is unconnected in block <final_code>.
WARNING:Xst:2677 - Node <med_temp_mux0000_17> of sequential type is unconnected in block <final_code>.
WARNING:Xst:2677 - Node <med_temp_mux0000_18> of sequential type is unconnected in block <final_code>.
WARNING:Xst:2677 - Node <med_temp_mux0000_19> of sequential type is unconnected in block <final_code>.
WARNING:Xst:2677 - Node <med_temp_mux0000_20> of sequential type is unconnected in block <final_code>.
WARNING:Xst:2677 - Node <med_temp_mux0000_21> of sequential type is unconnected in block <final_code>.
WARNING:Xst:2677 - Node <med_temp_mux0000_22> of sequential type is unconnected in block <final_code>.
WARNING:Xst:2677 - Node <med_temp_mux0000_23> of sequential type is unconnected in block <final_code>.
WARNING:Xst:2677 - Node <med_temp_mux0000_24> of sequential type is unconnected in block <final_code>.
WARNING:Xst:2677 - Node <med_temp_mux0000_25> of sequential type is unconnected in block <final_code>.
WARNING:Xst:2677 - Node <med_temp_mux0000_26> of sequential type is unconnected in block <final_code>.
WARNING:Xst:2677 - Node <med_temp_mux0000_27> of sequential type is unconnected in block <final_code>.
WARNING:Xst:2677 - Node <med_temp_mux0000_28> of sequential type is unconnected in block <final_code>.
WARNING:Xst:2677 - Node <med_temp_mux0000_29> of sequential type is unconnected in block <final_code>.
WARNING:Xst:2677 - Node <med_temp_mux0000_30> of sequential type is unconnected in block <final_code>.
WARNING:Xst:2677 - Node <med_temp_mux0000_31> of sequential type is unconnected in block <final_code>.
WARNING:Xst:2677 - Node <max_temp_mux0000_4> of sequential type is unconnected in block <final_code>.
WARNING:Xst:2677 - Node <max_temp_mux0000_5> of sequential type is unconnected in block <final_code>.
WARNING:Xst:2677 - Node <max_temp_mux0000_6> of sequential type is unconnected in block <final_code>.
WARNING:Xst:2677 - Node <max_temp_mux0000_7> of sequential type is unconnected in block <final_code>.
WARNING:Xst:2677 - Node <max_temp_mux0000_8> of sequential type is unconnected in block <final_code>.
WARNING:Xst:2677 - Node <max_temp_mux0000_9> of sequential type is unconnected in block <final_code>.
WARNING:Xst:2677 - Node <max_temp_mux0000_10> of sequential type is unconnected in block <final_code>.
WARNING:Xst:2677 - Node <max_temp_mux0000_11> of sequential type is unconnected in block <final_code>.
WARNING:Xst:2677 - Node <max_temp_mux0000_12> of sequential type is unconnected in block <final_code>.
WARNING:Xst:2677 - Node <max_temp_mux0000_13> of sequential type is unconnected in block <final_code>.
WARNING:Xst:2677 - Node <max_temp_mux0000_14> of sequential type is unconnected in block <final_code>.
WARNING:Xst:2677 - Node <max_temp_mux0000_15> of sequential type is unconnected in block <final_code>.
WARNING:Xst:2677 - Node <max_temp_mux0000_16> of sequential type is unconnected in block <final_code>.
WARNING:Xst:2677 - Node <max_temp_mux0000_17> of sequential type is unconnected in block <final_code>.
WARNING:Xst:2677 - Node <max_temp_mux0000_18> of sequential type is unconnected in block <final_code>.
WARNING:Xst:2677 - Node <max_temp_mux0000_19> of sequential type is unconnected in block <final_code>.
WARNING:Xst:2677 - Node <max_temp_mux0000_20> of sequential type is unconnected in block <final_code>.
WARNING:Xst:2677 - Node <max_temp_mux0000_21> of sequential type is unconnected in block <final_code>.
WARNING:Xst:2677 - Node <max_temp_mux0000_22> of sequential type is unconnected in block <final_code>.
WARNING:Xst:2677 - Node <max_temp_mux0000_23> of sequential type is unconnected in block <final_code>.
WARNING:Xst:2677 - Node <max_temp_mux0000_24> of sequential type is unconnected in block <final_code>.
WARNING:Xst:2677 - Node <max_temp_mux0000_25> of sequential type is unconnected in block <final_code>.
WARNING:Xst:2677 - Node <max_temp_mux0000_26> of sequential type is unconnected in block <final_code>.
WARNING:Xst:2677 - Node <max_temp_mux0000_27> of sequential type is unconnected in block <final_code>.
WARNING:Xst:2677 - Node <max_temp_mux0000_28> of sequential type is unconnected in block <final_code>.
WARNING:Xst:2677 - Node <max_temp_mux0000_29> of sequential type is unconnected in block <final_code>.
WARNING:Xst:2677 - Node <max_temp_mux0000_30> of sequential type is unconnected in block <final_code>.
WARNING:Xst:2677 - Node <max_temp_mux0000_31> of sequential type is unconnected in block <final_code>.
WARNING:Xst:2677 - Node <result_temp_mux0000_4> of sequential type is unconnected in block <final_code>.
WARNING:Xst:2677 - Node <result_temp_mux0000_5> of sequential type is unconnected in block <final_code>.
WARNING:Xst:2677 - Node <result_temp_mux0000_6> of sequential type is unconnected in block <final_code>.
WARNING:Xst:2677 - Node <result_temp_mux0000_7> of sequential type is unconnected in block <final_code>.
WARNING:Xst:2677 - Node <result_temp_mux0000_8> of sequential type is unconnected in block <final_code>.
WARNING:Xst:2677 - Node <result_temp_mux0000_9> of sequential type is unconnected in block <final_code>.
WARNING:Xst:2677 - Node <result_temp_mux0000_10> of sequential type is unconnected in block <final_code>.
WARNING:Xst:2677 - Node <result_temp_mux0000_11> of sequential type is unconnected in block <final_code>.
WARNING:Xst:2677 - Node <result_temp_mux0000_12> of sequential type is unconnected in block <final_code>.
WARNING:Xst:2677 - Node <result_temp_mux0000_13> of sequential type is unconnected in block <final_code>.
WARNING:Xst:2677 - Node <result_temp_mux0000_14> of sequential type is unconnected in block <final_code>.
WARNING:Xst:2677 - Node <result_temp_mux0000_15> of sequential type is unconnected in block <final_code>.
WARNING:Xst:2677 - Node <result_temp_mux0000_16> of sequential type is unconnected in block <final_code>.
WARNING:Xst:2677 - Node <result_temp_mux0000_17> of sequential type is unconnected in block <final_code>.
WARNING:Xst:2677 - Node <result_temp_mux0000_18> of sequential type is unconnected in block <final_code>.
WARNING:Xst:2677 - Node <result_temp_mux0000_19> of sequential type is unconnected in block <final_code>.
WARNING:Xst:2677 - Node <result_temp_mux0000_20> of sequential type is unconnected in block <final_code>.
WARNING:Xst:2677 - Node <result_temp_mux0000_21> of sequential type is unconnected in block <final_code>.
WARNING:Xst:2677 - Node <result_temp_mux0000_22> of sequential type is unconnected in block <final_code>.
WARNING:Xst:2677 - Node <result_temp_mux0000_23> of sequential type is unconnected in block <final_code>.
WARNING:Xst:2677 - Node <result_temp_mux0000_24> of sequential type is unconnected in block <final_code>.
WARNING:Xst:2677 - Node <result_temp_mux0000_25> of sequential type is unconnected in block <final_code>.
WARNING:Xst:2677 - Node <result_temp_mux0000_26> of sequential type is unconnected in block <final_code>.
WARNING:Xst:2677 - Node <result_temp_mux0000_27> of sequential type is unconnected in block <final_code>.
WARNING:Xst:2677 - Node <result_temp_mux0000_28> of sequential type is unconnected in block <final_code>.
WARNING:Xst:2677 - Node <result_temp_mux0000_29> of sequential type is unconnected in block <final_code>.
WARNING:Xst:2677 - Node <result_temp_mux0000_30> of sequential type is unconnected in block <final_code>.
WARNING:Xst:2677 - Node <result_temp_mux0000_31> of sequential type is unconnected in block <final_code>.
WARNING:Xst:2677 - Node <range_temp_mux0000_4> of sequential type is unconnected in block <final_code>.
WARNING:Xst:2677 - Node <range_temp_mux0000_5> of sequential type is unconnected in block <final_code>.
WARNING:Xst:2677 - Node <range_temp_mux0000_6> of sequential type is unconnected in block <final_code>.
WARNING:Xst:2677 - Node <range_temp_mux0000_7> of sequential type is unconnected in block <final_code>.
WARNING:Xst:2677 - Node <range_temp_mux0000_8> of sequential type is unconnected in block <final_code>.
WARNING:Xst:2677 - Node <range_temp_mux0000_9> of sequential type is unconnected in block <final_code>.
WARNING:Xst:2677 - Node <range_temp_mux0000_10> of sequential type is unconnected in block <final_code>.
WARNING:Xst:2677 - Node <range_temp_mux0000_11> of sequential type is unconnected in block <final_code>.
WARNING:Xst:2677 - Node <range_temp_mux0000_12> of sequential type is unconnected in block <final_code>.
WARNING:Xst:2677 - Node <range_temp_mux0000_13> of sequential type is unconnected in block <final_code>.
WARNING:Xst:2677 - Node <range_temp_mux0000_14> of sequential type is unconnected in block <final_code>.
WARNING:Xst:2677 - Node <range_temp_mux0000_15> of sequential type is unconnected in block <final_code>.
WARNING:Xst:2677 - Node <range_temp_mux0000_16> of sequential type is unconnected in block <final_code>.
WARNING:Xst:2677 - Node <range_temp_mux0000_17> of sequential type is unconnected in block <final_code>.
WARNING:Xst:2677 - Node <range_temp_mux0000_18> of sequential type is unconnected in block <final_code>.
WARNING:Xst:2677 - Node <range_temp_mux0000_19> of sequential type is unconnected in block <final_code>.
WARNING:Xst:2677 - Node <range_temp_mux0000_20> of sequential type is unconnected in block <final_code>.
WARNING:Xst:2677 - Node <range_temp_mux0000_21> of sequential type is unconnected in block <final_code>.
WARNING:Xst:2677 - Node <range_temp_mux0000_22> of sequential type is unconnected in block <final_code>.
WARNING:Xst:2677 - Node <range_temp_mux0000_23> of sequential type is unconnected in block <final_code>.
WARNING:Xst:2677 - Node <range_temp_mux0000_24> of sequential type is unconnected in block <final_code>.
WARNING:Xst:2677 - Node <range_temp_mux0000_25> of sequential type is unconnected in block <final_code>.
WARNING:Xst:2677 - Node <range_temp_mux0000_26> of sequential type is unconnected in block <final_code>.
WARNING:Xst:2677 - Node <range_temp_mux0000_27> of sequential type is unconnected in block <final_code>.
WARNING:Xst:2677 - Node <range_temp_mux0000_28> of sequential type is unconnected in block <final_code>.
WARNING:Xst:2677 - Node <range_temp_mux0000_29> of sequential type is unconnected in block <final_code>.
WARNING:Xst:2677 - Node <range_temp_mux0000_30> of sequential type is unconnected in block <final_code>.
WARNING:Xst:2677 - Node <range_temp_mux0000_31> of sequential type is unconnected in block <final_code>.
WARNING:Xst:2404 -  FFs/Latches <min_temp_mux0000<31:4>> (without init value) have a constant value of 0 in block <final_code>.
WARNING:Xst:2404 -  FFs/Latches <med_temp_mux0000<31:4>> (without init value) have a constant value of 0 in block <final_code>.
WARNING:Xst:2404 -  FFs/Latches <max_temp_mux0000<31:4>> (without init value) have a constant value of 0 in block <final_code>.
WARNING:Xst:2677 - Node <result_temp_mux0000_4> of sequential type is unconnected in block <final_code>.
WARNING:Xst:2677 - Node <result_temp_mux0000_5> of sequential type is unconnected in block <final_code>.
WARNING:Xst:2677 - Node <result_temp_mux0000_6> of sequential type is unconnected in block <final_code>.
WARNING:Xst:2677 - Node <result_temp_mux0000_7> of sequential type is unconnected in block <final_code>.
WARNING:Xst:2677 - Node <result_temp_mux0000_8> of sequential type is unconnected in block <final_code>.
WARNING:Xst:2677 - Node <result_temp_mux0000_9> of sequential type is unconnected in block <final_code>.
WARNING:Xst:2677 - Node <result_temp_mux0000_10> of sequential type is unconnected in block <final_code>.
WARNING:Xst:2677 - Node <result_temp_mux0000_11> of sequential type is unconnected in block <final_code>.
WARNING:Xst:2677 - Node <result_temp_mux0000_12> of sequential type is unconnected in block <final_code>.
WARNING:Xst:2677 - Node <result_temp_mux0000_13> of sequential type is unconnected in block <final_code>.
WARNING:Xst:2677 - Node <result_temp_mux0000_14> of sequential type is unconnected in block <final_code>.
WARNING:Xst:2677 - Node <result_temp_mux0000_15> of sequential type is unconnected in block <final_code>.
WARNING:Xst:2677 - Node <result_temp_mux0000_16> of sequential type is unconnected in block <final_code>.
WARNING:Xst:2677 - Node <result_temp_mux0000_17> of sequential type is unconnected in block <final_code>.
WARNING:Xst:2677 - Node <result_temp_mux0000_18> of sequential type is unconnected in block <final_code>.
WARNING:Xst:2677 - Node <result_temp_mux0000_19> of sequential type is unconnected in block <final_code>.
WARNING:Xst:2677 - Node <result_temp_mux0000_20> of sequential type is unconnected in block <final_code>.
WARNING:Xst:2677 - Node <result_temp_mux0000_21> of sequential type is unconnected in block <final_code>.
WARNING:Xst:2677 - Node <result_temp_mux0000_22> of sequential type is unconnected in block <final_code>.
WARNING:Xst:2677 - Node <result_temp_mux0000_23> of sequential type is unconnected in block <final_code>.
WARNING:Xst:2677 - Node <result_temp_mux0000_24> of sequential type is unconnected in block <final_code>.
WARNING:Xst:2677 - Node <result_temp_mux0000_25> of sequential type is unconnected in block <final_code>.
WARNING:Xst:2677 - Node <result_temp_mux0000_26> of sequential type is unconnected in block <final_code>.
WARNING:Xst:2677 - Node <result_temp_mux0000_27> of sequential type is unconnected in block <final_code>.
WARNING:Xst:2677 - Node <result_temp_mux0000_28> of sequential type is unconnected in block <final_code>.
WARNING:Xst:2677 - Node <result_temp_mux0000_29> of sequential type is unconnected in block <final_code>.
WARNING:Xst:2677 - Node <result_temp_mux0000_30> of sequential type is unconnected in block <final_code>.
WARNING:Xst:2677 - Node <result_temp_mux0000_31> of sequential type is unconnected in block <final_code>.
WARNING:Xst:2677 - Node <range_temp_mux0000_4> of sequential type is unconnected in block <final_code>.
WARNING:Xst:2677 - Node <range_temp_mux0000_5> of sequential type is unconnected in block <final_code>.
WARNING:Xst:2677 - Node <range_temp_mux0000_6> of sequential type is unconnected in block <final_code>.
WARNING:Xst:2677 - Node <range_temp_mux0000_7> of sequential type is unconnected in block <final_code>.
WARNING:Xst:2677 - Node <range_temp_mux0000_8> of sequential type is unconnected in block <final_code>.
WARNING:Xst:2677 - Node <range_temp_mux0000_9> of sequential type is unconnected in block <final_code>.
WARNING:Xst:2677 - Node <range_temp_mux0000_10> of sequential type is unconnected in block <final_code>.
WARNING:Xst:2677 - Node <range_temp_mux0000_11> of sequential type is unconnected in block <final_code>.
WARNING:Xst:2677 - Node <range_temp_mux0000_12> of sequential type is unconnected in block <final_code>.
WARNING:Xst:2677 - Node <range_temp_mux0000_13> of sequential type is unconnected in block <final_code>.
WARNING:Xst:2677 - Node <range_temp_mux0000_14> of sequential type is unconnected in block <final_code>.
WARNING:Xst:2677 - Node <range_temp_mux0000_15> of sequential type is unconnected in block <final_code>.
WARNING:Xst:2677 - Node <range_temp_mux0000_16> of sequential type is unconnected in block <final_code>.
WARNING:Xst:2677 - Node <range_temp_mux0000_17> of sequential type is unconnected in block <final_code>.
WARNING:Xst:2677 - Node <range_temp_mux0000_18> of sequential type is unconnected in block <final_code>.
WARNING:Xst:2677 - Node <range_temp_mux0000_19> of sequential type is unconnected in block <final_code>.
WARNING:Xst:2677 - Node <range_temp_mux0000_20> of sequential type is unconnected in block <final_code>.
WARNING:Xst:2677 - Node <range_temp_mux0000_21> of sequential type is unconnected in block <final_code>.
WARNING:Xst:2677 - Node <range_temp_mux0000_22> of sequential type is unconnected in block <final_code>.
WARNING:Xst:2677 - Node <range_temp_mux0000_23> of sequential type is unconnected in block <final_code>.
WARNING:Xst:2677 - Node <range_temp_mux0000_24> of sequential type is unconnected in block <final_code>.
WARNING:Xst:2677 - Node <range_temp_mux0000_25> of sequential type is unconnected in block <final_code>.
WARNING:Xst:2677 - Node <range_temp_mux0000_26> of sequential type is unconnected in block <final_code>.
WARNING:Xst:2677 - Node <range_temp_mux0000_27> of sequential type is unconnected in block <final_code>.
WARNING:Xst:2677 - Node <range_temp_mux0000_28> of sequential type is unconnected in block <final_code>.
WARNING:Xst:2677 - Node <range_temp_mux0000_29> of sequential type is unconnected in block <final_code>.
WARNING:Xst:2677 - Node <range_temp_mux0000_30> of sequential type is unconnected in block <final_code>.
WARNING:Xst:2677 - Node <range_temp_mux0000_31> of sequential type is unconnected in block <final_code>.

=========================================================================
Advanced HDL Synthesis Report

Macro Statistics
# Adders/Subtractors                                   : 4
 32-bit subtractor                                     : 1
 4-bit adder carry out                                 : 1
 5-bit adder carry out                                 : 1
 5-bit subtractor                                      : 1
# Counters                                             : 1
 32-bit up counter                                     : 1
# Registers                                            : 54
 Flip-Flops                                            : 54
# Comparators                                          : 5
 32-bit comparator greater                             : 1
 32-bit comparator lessequal                           : 1
 4-bit comparator greater                              : 3

=========================================================================

=========================================================================
*                         Low Level Synthesis                           *
=========================================================================
WARNING:Xst:2677 - Node <q_4> of sequential type is unconnected in block <final_code>.
WARNING:Xst:2677 - Node <q_5> of sequential type is unconnected in block <final_code>.
WARNING:Xst:2677 - Node <q_6> of sequential type is unconnected in block <final_code>.
WARNING:Xst:2677 - Node <q_7> of sequential type is unconnected in block <final_code>.
WARNING:Xst:2677 - Node <q_8> of sequential type is unconnected in block <final_code>.
WARNING:Xst:2677 - Node <q_9> of sequential type is unconnected in block <final_code>.
WARNING:Xst:2677 - Node <q_10> of sequential type is unconnected in block <final_code>.
WARNING:Xst:2677 - Node <q_11> of sequential type is unconnected in block <final_code>.
WARNING:Xst:2677 - Node <q_12> of sequential type is unconnected in block <final_code>.
WARNING:Xst:2677 - Node <q_13> of sequential type is unconnected in block <final_code>.
WARNING:Xst:2677 - Node <q_14> of sequential type is unconnected in block <final_code>.
WARNING:Xst:2677 - Node <q_15> of sequential type is unconnected in block <final_code>.
WARNING:Xst:2677 - Node <q_16> of sequential type is unconnected in block <final_code>.
WARNING:Xst:2677 - Node <q_17> of sequential type is unconnected in block <final_code>.
WARNING:Xst:2677 - Node <q_18> of sequential type is unconnected in block <final_code>.
WARNING:Xst:2677 - Node <q_19> of sequential type is unconnected in block <final_code>.
WARNING:Xst:2677 - Node <q_20> of sequential type is unconnected in block <final_code>.
WARNING:Xst:2677 - Node <q_21> of sequential type is unconnected in block <final_code>.
WARNING:Xst:2677 - Node <q_22> of sequential type is unconnected in block <final_code>.
WARNING:Xst:2677 - Node <q_23> of sequential type is unconnected in block <final_code>.
WARNING:Xst:2677 - Node <q_24> of sequential type is unconnected in block <final_code>.
WARNING:Xst:2677 - Node <q_25> of sequential type is unconnected in block <final_code>.
WARNING:Xst:2677 - Node <q_26> of sequential type is unconnected in block <final_code>.
WARNING:Xst:2677 - Node <q_27> of sequential type is unconnected in block <final_code>.
WARNING:Xst:2677 - Node <q_28> of sequential type is unconnected in block <final_code>.
WARNING:Xst:2677 - Node <q_29> of sequential type is unconnected in block <final_code>.
WARNING:Xst:2677 - Node <q_30> of sequential type is unconnected in block <final_code>.
WARNING:Xst:2677 - Node <q_31> of sequential type is unconnected in block <final_code>.

Optimizing unit <final_code> ...

Mapping all equations...
Building and optimizing final netlist ...
Found area constraint ratio of 100 (+ 5) on block final_code, actual ratio is 11.

Final Macro Processing ...

=========================================================================
Final Register Report

Macro Statistics
# Registers                                            : 58
 Flip-Flops                                            : 58

=========================================================================

=========================================================================
*                           Partition Report                            *
=========================================================================

Partition Implementation Status
-------------------------------

  No Partitions were found in this design.

-------------------------------

=========================================================================
*                            Final Report                               *
=========================================================================
Final Results
RTL Top Level Output File Name     : final_code.ngr
Top Level Output File Name         : final_code
Output Format                      : NGC
Optimization Goal                  : Speed
Keep Hierarchy                     : No

Design Statistics
# IOs                              : 33

Cell Usage :
# BELS                             : 240
#      GND                         : 1
#      INV                         : 33
#      LUT1                        : 5
#      LUT2                        : 29
#      LUT3                        : 32
#      LUT4                        : 37
#      MUXCY                       : 56
#      MUXF5                       : 5
#      VCC                         : 1
#      XORCY                       : 41
# FlipFlops/Latches                : 58
#      FD                          : 16
#      FDE                         : 36
#      FDRE                        : 5
#      FDSE                        : 1
# Clock Buffers                    : 1
#      BUFGP                       : 1
# IO Buffers                       : 32
#      IBUF                        : 12
#      OBUF                        : 20
=========================================================================

Device utilization summary:
---------------------------

Selected Device : 3s50avq100-5 

 Number of Slices:                       74  out of    704    10%  
 Number of Slice Flip Flops:             42  out of   1408     2%  
 Number of 4 input LUTs:                136  out of   1408     9%  
 Number of IOs:                          33
 Number of bonded IOBs:                  33  out of     68    48%  
    IOB Flip Flops:                      16
 Number of GCLKs:                         1  out of     24     4%  

---------------------------
Partition Resource Summary:
---------------------------

  No Partitions were found in this design.

---------------------------


=========================================================================
TIMING REPORT

NOTE: THESE TIMING NUMBERS ARE ONLY A SYNTHESIS ESTIMATE.
      FOR ACCURATE TIMING INFORMATION PLEASE REFER TO THE TRACE REPORT
      GENERATED AFTER PLACE-and-ROUTE.

Clock Information:
------------------
-----------------------------------+------------------------+-------+
Clock Signal                       | Clock buffer(FF name)  | Load  |
-----------------------------------+------------------------+-------+
Clock                              | BUFGP                  | 58    |
-----------------------------------+------------------------+-------+

Asynchronous Control Signals Information:
----------------------------------------
No asynchronous control signals found in this design

Timing Summary:
---------------
Speed Grade: -5

   Minimum period: 5.853ns (Maximum Frequency: 170.854MHz)
   Minimum input arrival time before clock: 11.296ns
   Maximum output required time after clock: 5.248ns
   Maximum combinational path delay: No path found

Timing Detail:
--------------
All values displayed in nanoseconds (ns)

=========================================================================
Timing constraint: Default period analysis for Clock 'Clock'
  Clock period: 5.853ns (frequency: 170.854MHz)
  Total number of paths / destination ports: 3312 / 88
-------------------------------------------------------------------------
Delay:               5.853ns (Levels of Logic = 34)
  Source:            result_int_0 (FF)
  Destination:       result_int_31 (FF)
  Source Clock:      Clock rising
  Destination Clock: Clock rising

  Data Path: result_int_0 to result_int_31
                                Gate     Net
    Cell:in->out      fanout   Delay   Delay  Logical Name (Net Name)
    ----------------------------------------  ------------
     FDE:C->Q              2   0.495   0.488  result_int_0 (result_int_0)
     LUT1:I0->O            1   0.561   0.000  Msub_result_int_addsub0001_cy<0>_rt (Msub_result_int_addsub0001_cy<0>_rt)
     MUXCY:S->O            1   0.523   0.000  Msub_result_int_addsub0001_cy<0> (Msub_result_int_addsub0001_cy<0>)
     MUXCY:CI->O           1   0.065   0.000  Msub_result_int_addsub0001_cy<1> (Msub_result_int_addsub0001_cy<1>)
     MUXCY:CI->O           1   0.065   0.000  Msub_result_int_addsub0001_cy<2> (Msub_result_int_addsub0001_cy<2>)
     MUXCY:CI->O           1   0.065   0.000  Msub_result_int_addsub0001_cy<3> (Msub_result_int_addsub0001_cy<3>)
     MUXCY:CI->O           1   0.065   0.000  Msub_result_int_addsub0001_cy<4> (Msub_result_int_addsub0001_cy<4>)
     MUXCY:CI->O           1   0.065   0.000  Msub_result_int_addsub0001_cy<5> (Msub_result_int_addsub0001_cy<5>)
     MUXCY:CI->O           1   0.065   0.000  Msub_result_int_addsub0001_cy<6> (Msub_result_int_addsub0001_cy<6>)
     MUXCY:CI->O           1   0.065   0.000  Msub_result_int_addsub0001_cy<7> (Msub_result_int_addsub0001_cy<7>)
     MUXCY:CI->O           1   0.065   0.000  Msub_result_int_addsub0001_cy<8> (Msub_result_int_addsub0001_cy<8>)
     MUXCY:CI->O           1   0.065   0.000  Msub_result_int_addsub0001_cy<9> (Msub_result_int_addsub0001_cy<9>)
     MUXCY:CI->O           1   0.065   0.000  Msub_result_int_addsub0001_cy<10> (Msub_result_int_addsub0001_cy<10>)
     MUXCY:CI->O           1   0.065   0.000  Msub_result_int_addsub0001_cy<11> (Msub_result_int_addsub0001_cy<11>)
     MUXCY:CI->O           1   0.065   0.000  Msub_result_int_addsub0001_cy<12> (Msub_result_int_addsub0001_cy<12>)
     MUXCY:CI->O           1   0.065   0.000  Msub_result_int_addsub0001_cy<13> (Msub_result_int_addsub0001_cy<13>)
     MUXCY:CI->O           1   0.065   0.000  Msub_result_int_addsub0001_cy<14> (Msub_result_int_addsub0001_cy<14>)
     MUXCY:CI->O           1   0.065   0.000  Msub_result_int_addsub0001_cy<15> (Msub_result_int_addsub0001_cy<15>)
     MUXCY:CI->O           1   0.065   0.000  Msub_result_int_addsub0001_cy<16> (Msub_result_int_addsub0001_cy<16>)
     MUXCY:CI->O           1   0.065   0.000  Msub_result_int_addsub0001_cy<17> (Msub_result_int_addsub0001_cy<17>)
     MUXCY:CI->O           1   0.065   0.000  Msub_result_int_addsub0001_cy<18> (Msub_result_int_addsub0001_cy<18>)
     MUXCY:CI->O           1   0.065   0.000  Msub_result_int_addsub0001_cy<19> (Msub_result_int_addsub0001_cy<19>)
     MUXCY:CI->O           1   0.065   0.000  Msub_result_int_addsub0001_cy<20> (Msub_result_int_addsub0001_cy<20>)
     MUXCY:CI->O           1   0.065   0.000  Msub_result_int_addsub0001_cy<21> (Msub_result_int_addsub0001_cy<21>)
     MUXCY:CI->O           1   0.065   0.000  Msub_result_int_addsub0001_cy<22> (Msub_result_int_addsub0001_cy<22>)
     MUXCY:CI->O           1   0.065   0.000  Msub_result_int_addsub0001_cy<23> (Msub_result_int_addsub0001_cy<23>)
     MUXCY:CI->O           1   0.065   0.000  Msub_result_int_addsub0001_cy<24> (Msub_result_int_addsub0001_cy<24>)
     MUXCY:CI->O           1   0.065   0.000  Msub_result_int_addsub0001_cy<25> (Msub_result_int_addsub0001_cy<25>)
     MUXCY:CI->O           1   0.065   0.000  Msub_result_int_addsub0001_cy<26> (Msub_result_int_addsub0001_cy<26>)
     MUXCY:CI->O           1   0.065   0.000  Msub_result_int_addsub0001_cy<27> (Msub_result_int_addsub0001_cy<27>)
     MUXCY:CI->O           1   0.065   0.000  Msub_result_int_addsub0001_cy<28> (Msub_result_int_addsub0001_cy<28>)
     MUXCY:CI->O           1   0.065   0.000  Msub_result_int_addsub0001_cy<29> (Msub_result_int_addsub0001_cy<29>)
     MUXCY:CI->O           0   0.065   0.000  Msub_result_int_addsub0001_cy<30> (Msub_result_int_addsub0001_cy<30>)
     XORCY:CI->O           1   0.654   0.423  Msub_result_int_addsub0001_xor<31> (result_int_addsub0001<31>)
     LUT2:I1->O            1   0.562   0.000  result_int_mux0000<31>1 (result_int_mux0000<31>)
     FDE:D                     0.197          result_int_31
    ----------------------------------------
    Total                      5.853ns (4.942ns logic, 0.911ns route)
                                       (84.4% logic, 15.6% route)

=========================================================================
Timing constraint: Default OFFSET IN BEFORE for Clock 'Clock'
  Total number of paths / destination ports: 2615 / 22
-------------------------------------------------------------------------
Offset:              11.296ns (Levels of Logic = 10)
  Source:            input1<1> (PAD)
  Destination:       range_temp_mux0000_3 (FF)
  Destination Clock: Clock rising

  Data Path: input1<1> to range_temp_mux0000_3
                                Gate     Net
    Cell:in->out      fanout   Delay   Delay  Logical Name (Net Name)
    ----------------------------------------  ------------
     IBUF:I->O             6   0.824   0.677  input1_1_IBUF (input1_1_IBUF)
     LUT4:I0->O            1   0.561   0.357  min_int_cmp_gt00002 (min_int_cmp_gt00001)
     MUXF5:S->O            9   0.652   0.805  min_int_cmp_gt00001_f5 (min_int_cmp_gt0000)
     LUT3:I0->O            3   0.561   0.517  med_int_mux0000<0>1 (med_int_mux0000<0>)
     LUT4:I1->O            1   0.562   0.423  min_int_cmp_gt00012 (min_int_cmp_gt00011)
     LUT3:I1->O            1   0.562   0.465  min_int_cmp_gt00011_SW0 (N15)
     LUT4:I0->O           10   0.561   0.858  min_int_cmp_gt00011 (min_int_cmp_gt0001)
     LUT3:I0->O            4   0.561   0.607  max_int_mux0000<1>1 (max_int_mux0000<1>)
     LUT4:I0->O            1   0.561   0.423  Msub_range_temp_sub0000_cy<2>1_SW0 (N9)
     LUT4:I1->O            1   0.562   0.000  Msub_range_temp_sub0000_xor<3>11 (range_temp_sub0000<3>)
     FD:D                      0.197          range_temp_mux0000_3
    ----------------------------------------
    Total                     11.296ns (6.164ns logic, 5.132ns route)
                                       (54.6% logic, 45.4% route)

=========================================================================
Timing constraint: Default OFFSET OUT AFTER for Clock 'Clock'
  Total number of paths / destination ports: 20 / 20
-------------------------------------------------------------------------
Offset:              5.248ns (Levels of Logic = 1)
  Source:            max_temp_mux0000_3 (FF)
  Destination:       maxt<3> (PAD)
  Source Clock:      Clock rising

  Data Path: max_temp_mux0000_3 to maxt<3>
                                Gate     Net
    Cell:in->out      fanout   Delay   Delay  Logical Name (Net Name)
    ----------------------------------------  ------------
     FD:C->Q               1   0.495   0.357  max_temp_mux0000_3 (max_temp_mux0000_3)
     OBUF:I->O                 4.396          maxt_3_OBUF (maxt<3>)
    ----------------------------------------
    Total                      5.248ns (4.891ns logic, 0.357ns route)
                                       (93.2% logic, 6.8% route)

=========================================================================


Total REAL time to Xst completion: 4.00 secs
Total CPU time to Xst completion: 4.16 secs
 
--> 

Total memory usage is 4514512 kilobytes

Number of errors   :    0 (   0 filtered)
Number of warnings :  240 (   0 filtered)
Number of infos    :    1 (   0 filtered)

