V3 3
FL C:/Users/demet/final_project/final_code.vhd 2022/06/09.01:33:07 P.20131013
EN work/final_code 1654727591 FL C:/Users/demet/final_project/final_code.vhd \
      PB ieee/std_logic_1164 1381692176 PB ieee/NUMERIC_STD 1381692181
AR work/final_code/Behavioral 1654727592 \
      FL C:/Users/demet/final_project/final_code.vhd EN work/final_code 1654727591
